// Jest Snapshot v1, https://goo.gl/fbAQLP

exports[`App Root Component App root rendered correctly 1`] = `
<div>
  <div
    className="menuBar visible"
  >
    <button
      className="button tooltip"
      onClick={[Function]}
    >
      New Game
      <span
        className="tooltiptext bottom"
      >
        Start a new game.
      </span>
    </button>
    <button
      className="button tooltip"
      onClick={[Function]}
    >
      Data
      <span
        className="tooltiptext bottom"
      >
        Save or load your files.
      </span>
    </button>
    <button
      className="blankButton"
      id={2}
    />
    <button
      className="blankButton"
      id={3}
    />
    <button
      className="blankButton"
      id={4}
    />
    <button
      className="blankButton"
      id={5}
    />
    <button
      className="blankButton"
      id={6}
    />
    <button
      className="blankButton"
      id={7}
    />
  </div>
  <div
    className="statBar invisible"
  >
    <h2>
      Name:
    </h2>
    <h2>
      Core Stats
    </h2>
    <div
      className="statFrame"
    >
      <div
        className="statGradient"
        style={
          Object {
            "width": "0%",
          }
        }
      >
        <p
          className="statLabel"
        >
          Strength
          : 
          0
           
        </p>
      </div>
      <div
        className="statUpDown"
      />
    </div>
    <div
      className="statFrame"
    >
      <div
        className="statGradient"
        style={
          Object {
            "width": "0%",
          }
        }
      >
        <p
          className="statLabel"
        >
          Toughness
          : 
          0
           
        </p>
      </div>
      <div
        className="statUpDown"
      />
    </div>
    <div
      className="statFrame"
    >
      <div
        className="statGradient"
        style={
          Object {
            "width": "0%",
          }
        }
      >
        <p
          className="statLabel"
        >
          Speed
          : 
          0
           
        </p>
      </div>
      <div
        className="statUpDown"
      />
    </div>
    <div
      className="statFrame"
    >
      <div
        className="statGradient"
        style={
          Object {
            "width": "0%",
          }
        }
      >
        <p
          className="statLabel"
        >
          Intelligence
          : 
          0
           
        </p>
      </div>
      <div
        className="statUpDown"
      />
    </div>
    <div
      className="statFrame"
    >
      <div
        className="statGradient"
        style={
          Object {
            "width": "0%",
          }
        }
      >
        <p
          className="statLabel"
        >
          Libido
          : 
          0
           
        </p>
      </div>
      <div
        className="statUpDown"
      />
    </div>
    <div
      className="statFrame"
    >
      <div
        className="statGradient"
        style={
          Object {
            "width": "0%",
          }
        }
      >
        <p
          className="statLabel"
        >
          Sensitivity
          : 
          0
           
        </p>
      </div>
      <div
        className="statUpDown"
      />
    </div>
    <div
      className="statFrame"
    >
      <div
        className="statGradient"
        style={
          Object {
            "width": "0%",
          }
        }
      >
        <p
          className="statLabel"
        >
          Corruption
          : 
          0
           
        </p>
      </div>
      <div
        className="statUpDown"
      />
    </div>
    <h2>
      Combat Stats
    </h2>
    <div
      className="statFrame"
    >
      <div
        className="statGradient"
        style={
          Object {
            "width": "0%",
          }
        }
      >
        <p
          className="statLabel"
        >
          HP
          : 
          0
           
          / 100
        </p>
      </div>
      <div
        className="statUpDown"
      />
    </div>
    <div
      className="statFrame"
    >
      <div
        className="statGradient"
        style={
          Object {
            "width": "0%",
          }
        }
      >
        <p
          className="statLabel"
        >
          Lust
          : 
          0
           
          / 100
        </p>
      </div>
      <div
        className="statUpDown"
      />
    </div>
    <div
      className="statFrame"
    >
      <div
        className="statGradient"
        style={
          Object {
            "width": "0%",
          }
        }
      >
        <p
          className="statLabel"
        >
          Fatigue
          : 
          0
           
          / 100
        </p>
      </div>
      <div
        className="statUpDown"
      />
    </div>
    <div
      className="statFrame"
    >
      <div
        className="statGradient"
        style={
          Object {
            "width": "0%",
          }
        }
      >
        <p
          className="statLabel"
        >
          Hunger
          : 
          0
           
          / 100
        </p>
      </div>
      <div
        className="statUpDown"
      />
    </div>
    <h2>
      Advancement
    </h2>
    <div
      className="statFrame"
    >
      <div
        className="statGradient"
        style={
          Object {
            "width": "1%",
          }
        }
      >
        <p
          className="statLabel"
        >
          Level
          : 
          1
           
        </p>
      </div>
      <div
        className="statUpDown"
      />
    </div>
    <div
      className="statFrame"
    >
      <div
        className="statGradient"
        style={
          Object {
            "width": "0%",
          }
        }
      >
        <p
          className="statLabel"
        >
          XP
          : 
          0
           
          / 99
        </p>
      </div>
      <div
        className="statUpDown"
      />
    </div>
    <div
      className="statFrame"
    >
      <div
        className="statGradient"
        style={
          Object {
            "width": "0%",
          }
        }
      >
        <p
          className="statLabel"
        >
          Gems
          : 
          0
           
        </p>
      </div>
      <div
        className="statUpDown"
      />
    </div>
    <div
      className="timeDisplay"
    >
      <p>
        Day#: 
        0
        <br />
        Time: 
        0
        :
        00
      </p>
    </div>
    <div
      className="spriteDisplay"
    />
  </div>
  <div
    id="maintext"
  >
    <p>
      CoC Engine: Clean Version
    </p>
    <p>
      Original concept by Fenoxo and crew
      <br />
      Converted to JS/React by Matraia
    </p>
    <p>
      Version extremely early.
    </p>
    <p>
      Click on New Game to Start 
    </p>
  </div>
  <div
    className="gridContainer"
  >
    <div
      className="lowerGrid"
    >
      <button
        className="blankButton"
        id={0}
      />
      <button
        className="blankButton"
        id={1}
      />
      <button
        className="blankButton"
        id={2}
      />
      <button
        className="blankButton"
        id={3}
      />
      <button
        className="blankButton"
        id={4}
      />
      <button
        className="blankButton"
        id={5}
      />
      <button
        className="blankButton"
        id={6}
      />
      <button
        className="blankButton"
        id={7}
      />
      <button
        className="blankButton"
        id={8}
      />
      <button
        className="blankButton"
        id={9}
      />
      <button
        className="blankButton"
        id={10}
      />
      <button
        className="blankButton"
        id={11}
      />
      <button
        className="blankButton"
        id={12}
      />
      <button
        className="blankButton"
        id={13}
      />
      <button
        className="blankButton"
        id={14}
      />
      <button
        className="blankButton"
        id={15}
      />
    </div>
  </div>
</div>
`;
