// Jest Snapshot v1, https://goo.gl/fbAQLP

exports[`Stat Component renders correctly 1`] = `
<div
  className="statFrame"
>
  <div
    className="statGradient"
  >
    <p
      className="statLabel"
    >
      Strength
      : 
      50
       
    </p>
  </div>
  <div
    className="statUpDown"
  />
</div>
`;
